MPLINK 4.49, Linker
Linker Map File - Created Fri Nov 27 23:27:03 2020

                                 Section Info
                  Section       Type    Address   Location Size(Bytes)
                ---------  ---------  ---------  ---------  ---------
                   .org_0       code   0x000000    program   0x000004
                   .cinit    romdata   0x000004    program   0x000002
                   .org_1       code   0x000008    program   0x000002
                   .org_2       code   0x000018    program   0x0002a0



                              Program Memory Usage 
                               Start         End      
                           ---------   ---------      
                            0x000000    0x000005      
                            0x000008    0x000009      
                            0x000018    0x0002b7      
            680 out of 33048 program addresses used, program memory utilization is 2%



                              Symbols - Sorted by Name
                     Name    Address   Location    Storage File                     
                ---------  ---------  ---------  --------- ---------                
                    Again   0x00001e    program     static C:\Users\weiyi\OneDrive\Documents\MPLAB Projects\MP.asm
                   Again1   0x000022    program     static C:\Users\weiyi\OneDrive\Documents\MPLAB Projects\MP.asm
                 Asterisk   0x0001d0    program     static C:\Users\weiyi\OneDrive\Documents\MPLAB Projects\MP.asm
                   Check1   0x00022e    program     static C:\Users\weiyi\OneDrive\Documents\MPLAB Projects\MP.asm
                   Check2   0x000236    program     static C:\Users\weiyi\OneDrive\Documents\MPLAB Projects\MP.asm
                 ConfiCom   0x000050    program     static C:\Users\weiyi\OneDrive\Documents\MPLAB Projects\MP.asm
                    Delay   0x00001a    program     static C:\Users\weiyi\OneDrive\Documents\MPLAB Projects\MP.asm
                  Hashtag   0x0001e4    program     static C:\Users\weiyi\OneDrive\Documents\MPLAB Projects\MP.asm
                  Keypad0   0x000298    program     static C:\Users\weiyi\OneDrive\Documents\MPLAB Projects\MP.asm
                  Keypad1   0x00023e    program     static C:\Users\weiyi\OneDrive\Documents\MPLAB Projects\MP.asm
                  Keypad2   0x000248    program     static C:\Users\weiyi\OneDrive\Documents\MPLAB Projects\MP.asm
                  Keypad3   0x000252    program     static C:\Users\weiyi\OneDrive\Documents\MPLAB Projects\MP.asm
                  Keypad4   0x00025c    program     static C:\Users\weiyi\OneDrive\Documents\MPLAB Projects\MP.asm
                  Keypad5   0x000266    program     static C:\Users\weiyi\OneDrive\Documents\MPLAB Projects\MP.asm
                  Keypad6   0x000270    program     static C:\Users\weiyi\OneDrive\Documents\MPLAB Projects\MP.asm
                  Keypad7   0x00027a    program     static C:\Users\weiyi\OneDrive\Documents\MPLAB Projects\MP.asm
                  Keypad8   0x000284    program     static C:\Users\weiyi\OneDrive\Documents\MPLAB Projects\MP.asm
                  Keypad9   0x00028e    program     static C:\Users\weiyi\OneDrive\Documents\MPLAB Projects\MP.asm
                  KeypadA   0x0002a2    program     static C:\Users\weiyi\OneDrive\Documents\MPLAB Projects\MP.asm
                  KeypadH   0x0002ac    program     static C:\Users\weiyi\OneDrive\Documents\MPLAB Projects\MP.asm
                  Number0   0x0001bc    program     static C:\Users\weiyi\OneDrive\Documents\MPLAB Projects\MP.asm
                  Number1   0x000108    program     static C:\Users\weiyi\OneDrive\Documents\MPLAB Projects\MP.asm
                  Number2   0x00011c    program     static C:\Users\weiyi\OneDrive\Documents\MPLAB Projects\MP.asm
                  Number3   0x000130    program     static C:\Users\weiyi\OneDrive\Documents\MPLAB Projects\MP.asm
                  Number4   0x000144    program     static C:\Users\weiyi\OneDrive\Documents\MPLAB Projects\MP.asm
                  Number5   0x000158    program     static C:\Users\weiyi\OneDrive\Documents\MPLAB Projects\MP.asm
                  Number6   0x00016c    program     static C:\Users\weiyi\OneDrive\Documents\MPLAB Projects\MP.asm
                  Number7   0x000180    program     static C:\Users\weiyi\OneDrive\Documents\MPLAB Projects\MP.asm
                  Number8   0x000194    program     static C:\Users\weiyi\OneDrive\Documents\MPLAB Projects\MP.asm
                  Number9   0x0001a8    program     static C:\Users\weiyi\OneDrive\Documents\MPLAB Projects\MP.asm
                 SendData   0x00005e    program     static C:\Users\weiyi\OneDrive\Documents\MPLAB Projects\MP.asm
                      YWY   0x00006c    program     static C:\Users\weiyi\OneDrive\Documents\MPLAB Projects\MP.asm
                    YWYSI   0x0000ce    program     static C:\Users\weiyi\OneDrive\Documents\MPLAB Projects\MP.asm
                    start   0x0001f8    program     static C:\Users\weiyi\OneDrive\Documents\MPLAB Projects\MP.asm



                              Symbols - Sorted by Address
                     Name    Address   Location    Storage File                     
                ---------  ---------  ---------  --------- ---------                
                    Delay   0x00001a    program     static C:\Users\weiyi\OneDrive\Documents\MPLAB Projects\MP.asm
                    Again   0x00001e    program     static C:\Users\weiyi\OneDrive\Documents\MPLAB Projects\MP.asm
                   Again1   0x000022    program     static C:\Users\weiyi\OneDrive\Documents\MPLAB Projects\MP.asm
                 ConfiCom   0x000050    program     static C:\Users\weiyi\OneDrive\Documents\MPLAB Projects\MP.asm
                 SendData   0x00005e    program     static C:\Users\weiyi\OneDrive\Documents\MPLAB Projects\MP.asm
                      YWY   0x00006c    program     static C:\Users\weiyi\OneDrive\Documents\MPLAB Projects\MP.asm
                    YWYSI   0x0000ce    program     static C:\Users\weiyi\OneDrive\Documents\MPLAB Projects\MP.asm
                  Number1   0x000108    program     static C:\Users\weiyi\OneDrive\Documents\MPLAB Projects\MP.asm
                  Number2   0x00011c    program     static C:\Users\weiyi\OneDrive\Documents\MPLAB Projects\MP.asm
                  Number3   0x000130    program     static C:\Users\weiyi\OneDrive\Documents\MPLAB Projects\MP.asm
                  Number4   0x000144    program     static C:\Users\weiyi\OneDrive\Documents\MPLAB Projects\MP.asm
                  Number5   0x000158    program     static C:\Users\weiyi\OneDrive\Documents\MPLAB Projects\MP.asm
                  Number6   0x00016c    program     static C:\Users\weiyi\OneDrive\Documents\MPLAB Projects\MP.asm
                  Number7   0x000180    program     static C:\Users\weiyi\OneDrive\Documents\MPLAB Projects\MP.asm
                  Number8   0x000194    program     static C:\Users\weiyi\OneDrive\Documents\MPLAB Projects\MP.asm
                  Number9   0x0001a8    program     static C:\Users\weiyi\OneDrive\Documents\MPLAB Projects\MP.asm
                  Number0   0x0001bc    program     static C:\Users\weiyi\OneDrive\Documents\MPLAB Projects\MP.asm
                 Asterisk   0x0001d0    program     static C:\Users\weiyi\OneDrive\Documents\MPLAB Projects\MP.asm
                  Hashtag   0x0001e4    program     static C:\Users\weiyi\OneDrive\Documents\MPLAB Projects\MP.asm
                    start   0x0001f8    program     static C:\Users\weiyi\OneDrive\Documents\MPLAB Projects\MP.asm
                   Check1   0x00022e    program     static C:\Users\weiyi\OneDrive\Documents\MPLAB Projects\MP.asm
                   Check2   0x000236    program     static C:\Users\weiyi\OneDrive\Documents\MPLAB Projects\MP.asm
                  Keypad1   0x00023e    program     static C:\Users\weiyi\OneDrive\Documents\MPLAB Projects\MP.asm
                  Keypad2   0x000248    program     static C:\Users\weiyi\OneDrive\Documents\MPLAB Projects\MP.asm
                  Keypad3   0x000252    program     static C:\Users\weiyi\OneDrive\Documents\MPLAB Projects\MP.asm
                  Keypad4   0x00025c    program     static C:\Users\weiyi\OneDrive\Documents\MPLAB Projects\MP.asm
                  Keypad5   0x000266    program     static C:\Users\weiyi\OneDrive\Documents\MPLAB Projects\MP.asm
                  Keypad6   0x000270    program     static C:\Users\weiyi\OneDrive\Documents\MPLAB Projects\MP.asm
                  Keypad7   0x00027a    program     static C:\Users\weiyi\OneDrive\Documents\MPLAB Projects\MP.asm
                  Keypad8   0x000284    program     static C:\Users\weiyi\OneDrive\Documents\MPLAB Projects\MP.asm
                  Keypad9   0x00028e    program     static C:\Users\weiyi\OneDrive\Documents\MPLAB Projects\MP.asm
                  Keypad0   0x000298    program     static C:\Users\weiyi\OneDrive\Documents\MPLAB Projects\MP.asm
                  KeypadA   0x0002a2    program     static C:\Users\weiyi\OneDrive\Documents\MPLAB Projects\MP.asm
                  KeypadH   0x0002ac    program     static C:\Users\weiyi\OneDrive\Documents\MPLAB Projects\MP.asm


